---
source: crates/transform/src/unity/serializedfile/tree/shader.rs
assertion_line: 106
expression: "shader_nodes(42, groups)"
---
- id: "obj:42/plat:15"
  label: OpenGLCore
  badge: "3"
  default_collapsed: true
  children:
    - id: "obj:42/passgroup:15:0"
      label: Pass 0
      badge: "2"
      default_collapsed: true
      children:
        - id: "obj:42/prog:15:2"
          label: vertex
          badge: GLCore32
          facets:
            stage: vertex
          has_content: true
          children: []
        - id: "obj:42/prog:15:3"
          label: vertex · USE_MASK
          badge: GLCore32
          facets:
            stage: vertex
          has_content: true
          children: []
    - id: "obj:42/passgroup:15:1"
      label: Pass 1
      badge: "1"
      default_collapsed: true
      children:
        - id: "obj:42/prog:15:4"
          label: vertex
          badge: GLCore32
          facets:
            stage: vertex
          has_content: true
          children: []
- id: "obj:42/plat:18"
  label: Vulkan
  badge: "1"
  default_collapsed: true
  children:
    - id: "obj:42/prog:18:7"
      label: fragment
      badge: GLCore32
      facets:
        stage: fragment
      has_content: true
      children: []
